---
source: seer-core/tests/format_snapshots.rs
expression: markdown ().format_lookup (& fixture_lookup_available())
---
## Lookup: example.com

- **Source**: availability
- **Verdict**: LIKELY REGISTERED
- **Confidence**: medium
- **Method**: whois
- **Details**: WHOIS returned registration data
- **RDAP Error**: RDAP server returned 503

### Additional WHOIS data

- **Nameservers**: `ns1.example.com`, `ns2.example.com`
- **Status**: `clientTransferProhibited`
- **DNSSEC**: signedDelegation
- **WHOIS Server**: `whois.verisign-grs.com`
